../Src/init.c:22:6:setMODE	24	static
../Src/init.c:27:6:setPULL	24	static
../Src/init.c:32:6:setALT	24	static
../Src/init.c:43:6:initTIM3	4	static
../Src/init.c:54:6:tim3_dutycycle	24	static
../Src/init.c:75:6:usart2_config	4	static
../Src/init.c:90:6:writeDataUSART	24	static
../Src/init.c:97:6:switchInit	8	static
../Src/init.c:112:6:LEDInit	8	static
../Src/init.c:126:6:buzzerInit	8	static
../Src/init.c:131:6:adc_init	4	static
../Src/init.c:144:10:adc_read	4	static
../Src/init.c:151:6:delay_ms	24	static
